#name "trivial6.sp"
#4 CLASS
#4 TYPEID Main
#4 LBRACE
#6 VOID
#6 OBJECTID print_array
#6 LPAREN
#6 INT
#6 OBJECTID zerocnt
#6 COMMA
#6 INT
#6 OBJECTID onecnt
#6 COMMA
#6 INT
#6 OBJECTID twocnt
#6 RPAREN
#6 LBRACE
#8 FOR
#8 LPAREN
#8 INT
#8 OBJECTID i
#8 EQUALS
#8 INT_CONST 0
#8 SEMICOLON
#8 OBJECTID i
#8 LT
#8 OBJECTID zerocnt
#8 SEMICOLON
#8 OBJECTID i
#8 EQUALS
#8 OBJECTID i
#8 PLUS
#8 INT_CONST 1
#8 RPAREN
#8 LBRACE
#10 LPAREN
#10 STRING_CONST
#10 RPAREN
#10 DOT
#10 OBJECTID put
#10 LPAREN
#10 RPAREN
#10 SEMICOLON
#11 RBRACE
#15 FOR
#15 LPAREN
#15 INT
#15 OBJECTID i
#15 EQUALS
#15 INT_CONST 0
#15 SEMICOLON
#15 OBJECTID i
#15 LT
#15 OBJECTID onecnt
#15 SEMICOLON
#15 OBJECTID i
#15 EQUALS
#15 OBJECTID i
#15 PLUS
#15 INT_CONST 1
#15 RPAREN
#15 LBRACE
#16 LPAREN
#16 STRING_CONST
#16 RPAREN
#16 DOT
#16 OBJECTID put
#16 LPAREN
#16 RPAREN
#16 SEMICOLON
#17 RBRACE
#18 FOR
#18 LPAREN
#18 INT
#18 OBJECTID i
#18 EQUALS
#18 INT_CONST 0
#18 SEMICOLON
#18 OBJECTID i
#18 LT
#18 OBJECTID twocnt
#18 SEMICOLON
#18 OBJECTID i
#18 EQUALS
#18 OBJECTID i
#18 PLUS
#18 INT_CONST 1
#18 RPAREN
#18 LBRACE
#19 LPAREN
#19 STRING_CONST
#19 RPAREN
#19 DOT
#19 OBJECTID put
#19 LPAREN
#19 RPAREN
#19 SEMICOLON
#20 RBRACE
#21 STRING_CONST
#21 DOT
#21 OBJECTID put
#21 LPAREN
#21 RPAREN
#21 SEMICOLON
#23 RBRACE
#25 INT
#25 OBJECTID main
#25 LPAREN
#25 RPAREN
#25 LBRACE
#27 SHARED
#27 ARRAY
#27 LT
#27 INT
#27 COMMA
#27 INT_CONST 10
#27 GT
#27 OBJECTID array
#27 SEMICOLON
#28 INT
#28 OBJECTID cnt0
#28 EQUALS
#28 INT_CONST 0
#28 SEMICOLON
#29 INT
#29 OBJECTID cnt1
#29 EQUALS
#29 INT_CONST 0
#29 SEMICOLON
#30 INT
#30 OBJECTID cnt2
#30 EQUALS
#30 INT_CONST 0
#30 SEMICOLON
#32 LPAREN
#32 STRING_CONST
#32 RPAREN
#32 DOT
#32 OBJECTID put
#32 LPAREN
#32 RPAREN
#32 SEMICOLON
#34 FOR
#34 LPAREN
#34 INT
#34 OBJECTID i
#34 EQUALS
#34 INT_CONST 0
#34 SEMICOLON
#34 OBJECTID i
#34 LT
#34 INT_CONST 10
#34 SEMICOLON
#34 OBJECTID i
#34 EQUALS
#34 OBJECTID i
#34 PLUS
#34 INT_CONST 1
#34 RPAREN
#34 LBRACE
#36 OBJECTID array
#36 LSQUARE
#36 OBJECTID i
#36 RSQUARE
#36 EQUALS
#36 NEW_UNIQUE
#36 INT
#36 LPAREN
#36 RPAREN
#36 SEMICOLON
#37 OBJECTID array
#37 LSQUARE
#37 OBJECTID i
#37 RSQUARE
#37 DOT
#37 OBJECTID get
#37 LPAREN
#37 RPAREN
#37 SEMICOLON
#38 RBRACE
#40 FOR
#40 LPAREN
#40 INT
#40 OBJECTID i
#40 EQUALS
#40 INT_CONST 0
#40 SEMICOLON
#40 OBJECTID i
#40 LT
#40 INT_CONST 10
#40 SEMICOLON
#40 OBJECTID i
#40 EQUALS
#40 OBJECTID i
#40 PLUS
#40 INT_CONST 1
#40 RPAREN
#40 LBRACE
#42 IF
#42 LPAREN
#42 OBJECTID array
#42 LSQUARE
#42 OBJECTID i
#42 RSQUARE
#42 DOUBLE_EQUALS
#42 INT_CONST 0
#42 RPAREN
#42 LBRACE
#43 OBJECTID cnt0
#43 EQUALS
#43 OBJECTID cnt0
#43 PLUS
#43 INT_CONST 1
#43 SEMICOLON
#44 RBRACE
#44 ELSE
#44 LBRACE
#44 IF
#44 LPAREN
#44 OBJECTID array
#44 LSQUARE
#44 OBJECTID i
#44 RSQUARE
#44 DOUBLE_EQUALS
#44 INT_CONST 1
#44 RPAREN
#44 LBRACE
#45 OBJECTID cnt1
#45 EQUALS
#45 OBJECTID cnt1
#45 PLUS
#45 INT_CONST 1
#45 SEMICOLON
#46 RBRACE
#46 ELSE
#46 LBRACE
#47 OBJECTID cnt2
#47 EQUALS
#47 OBJECTID cnt2
#47 PLUS
#47 INT_CONST 1
#47 SEMICOLON
#48 RBRACE
#48 RBRACE
#49 RBRACE
#51 OBJECTID print_array
#51 LPAREN
#51 OBJECTID cnt0
#51 COMMA
#51 OBJECTID cnt1
#51 COMMA
#51 OBJECTID cnt2
#51 RPAREN
#51 SEMICOLON
#52 RETURN
#52 INT_CONST 0
#52 SEMICOLON
#53 RBRACE
#56 RBRACE
#56 SEMICOLON
