#name "trivial1.sp"
#3 WHILE
#3 TYPEID Main
#3 FI
#5 ')'
#5 OBJECTID main
#5 '-'
#5 '*'
#5 FI
#7 ')'
#7 OBJECTID x
#7 ELSE
#7 INT_CONST 0
#7 '<'
#8 ')'
#8 OBJECTID y
#8 ELSE
#8 INT_CONST 9
#8 '<'
#9 ')'
#9 OBJECTID z
#9 ELSE
#9 OBJECTID x
#9 '{'
#9 OBJECTID y
#9 '<'
Invalid Token generated - Token id : 59 for text ""Is this the correct way writing to stdout??""
#10 LET
#10 OBJECTID put
#10 '-'
#10 '*'
#10 '<'
#11 '-'
Invalid Token generated - Token id : 59 for text ""The sum is = ""
#11 '*'
#11 LET
#11 OBJECTID put
#11 '-'
#11 '*'
#11 '<'
#12 '-'
#12 OBJECTID x
#12 '{'
#12 OBJECTID y
#12 '*'
#12 LET
#12 OBJECTID put
#12 '-'
#12 '*'
#12 '<'
Invalid Token generated - Token id : 59 for text ""
""
#13 LET
#13 OBJECTID put
#13 '-'
#13 '*'
#13 '<'
Invalid Token generated - Token id : 58 for text "return"
#15 INT_CONST 0
#15 '<'
#16 IF
#17 IF
#17 '<'
