#name "trivial9.sp"
#3 CLASS
#3 TYPEID Main
#3 LBRACE
#5 INT
#5 OBJECTID main
#5 LPAREN
#5 RPAREN
#5 LBRACE
#7 INT
#7 OBJECTID i
#7 SEMICOLON
#9 FOR
#9 LPAREN
#9 OBJECTID i
#9 EQUALS
#9 INT_CONST 0
#9 SEMICOLON
#9 OBJECTID i
#9 LT
#9 INT_CONST 10
#9 SEMICOLON
#9 OBJECTID i
#9 EQUALS
#9 OBJECTID i
#9 PLUS
#9 INT_CONST 1
#9 RPAREN
#9 LBRACE
#10 IF
#10 LPAREN
#10 OBJECTID i
#10 DOUBLE_EQUALS
#10 INT_CONST 5
#10 RPAREN
#10 LBRACE
#11 BREAK
#11 SEMICOLON
#12 RBRACE
#18 STRING_CONST
#18 DOT
#18 OBJECTID put
#18 LPAREN
#18 RPAREN
#18 SEMICOLON
#20 RBRACE
#23 RETURN
#23 INT_CONST 0
#23 SEMICOLON
#24 RBRACE
#25 RBRACE
#25 SEMICOLON
